#! /opt/homebrew/Cellar/icarus-verilog/13.0/bin/vvp
:ivl_version "13.0 (stable)" "(v13_0)";
:ivl_delay_selection "TYPICAL";
:vpi_time_precision - 12;
:vpi_module "/opt/homebrew/Cellar/icarus-verilog/13.0/lib/ivl/system.vpi";
:vpi_module "/opt/homebrew/Cellar/icarus-verilog/13.0/lib/ivl/vhdl_sys.vpi";
:vpi_module "/opt/homebrew/Cellar/icarus-verilog/13.0/lib/ivl/vhdl_textio.vpi";
:vpi_module "/opt/homebrew/Cellar/icarus-verilog/13.0/lib/ivl/v2005_math.vpi";
:vpi_module "/opt/homebrew/Cellar/icarus-verilog/13.0/lib/ivl/va_math.vpi";
S_0x1029bce10 .scope module, "tb_mips_pipeline" "tb_mips_pipeline" 2 3;
 .timescale -9 -12;
v0x7d147dc20_0 .var "clk", 0 0;
v0x7d147dcc0_0 .var "rst_n", 0 0;
S_0x1029bcf90 .scope module, "uut" "mips_pipeline" 2 8, 3 1 0, S_0x1029bce10;
 .timescale 0 0;
    .port_info 0 /INPUT 1 "clk";
    .port_info 1 /INPUT 1 "rst_n";
L_0x1029bbe60 .functor AND 1, v0x7d147ba20_0, L_0x7d0c58280, C4<1>, C4<1>;
v0x7d147aee0_0 .net "ALUCtrl", 3 0, v0x7d14783c0_0;  1 drivers
v0x7d147af80_0 .net "ALUOp", 1 0, v0x7d14785a0_0;  1 drivers
v0x7d147b020_0 .net "ALUSrc", 0 0, v0x7d1478640_0;  1 drivers
v0x7d147b0c0_0 .net "ALUresult", 31 0, v0x7d1478280_0;  1 drivers
v0x7d147b160_0 .net "ALUsrc2", 31 0, L_0x7d143d4a0;  1 drivers
v0x7d147b200_0 .net "Branch", 0 0, v0x7d14786e0_0;  1 drivers
v0x7d147b2a0_0 .var "EX_MEM_ALUresult", 31 0;
v0x7d147b340_0 .var "EX_MEM_MemRead", 0 0;
v0x7d147b3e0_0 .var "EX_MEM_MemWrite", 0 0;
v0x7d147b480_0 .var "EX_MEM_MemtoReg", 0 0;
v0x7d147b520_0 .var "EX_MEM_ReadData2", 31 0;
v0x7d147b5c0_0 .var "EX_MEM_RegDst", 0 0;
v0x7d147b660_0 .var "EX_MEM_RegWrite", 0 0;
v0x7d147b700_0 .var "EX_MEM_inst", 31 0;
v0x7d147b7a0_0 .var "EX_MEM_rd", 4 0;
v0x7d147b840_0 .var "EX_MEM_rt", 4 0;
v0x7d147b8e0_0 .var "ID_EX_ALUOp", 1 0;
v0x7d147b980_0 .var "ID_EX_ALUSrc", 0 0;
v0x7d147ba20_0 .var "ID_EX_Branch", 0 0;
v0x7d147bac0_0 .var "ID_EX_MemRead", 0 0;
v0x7d147bb60_0 .var "ID_EX_MemWrite", 0 0;
v0x7d147bc00_0 .var "ID_EX_MemtoReg", 0 0;
v0x7d147bca0_0 .var "ID_EX_ReadData1", 31 0;
v0x7d147bd40_0 .var "ID_EX_ReadData2", 31 0;
v0x7d147bde0_0 .var "ID_EX_RegDst", 0 0;
v0x7d147be80_0 .var "ID_EX_RegWrite", 0 0;
v0x7d147bf20_0 .var "ID_EX_extended_imm", 31 0;
v0x7d147c000_0 .var "ID_EX_funct", 5 0;
v0x7d147c0a0_0 .var "ID_EX_inst", 31 0;
v0x7d147c140_0 .var "ID_EX_pc_plus_4", 31 0;
v0x7d147c1e0_0 .var "ID_EX_rd", 4 0;
v0x7d147c280_0 .var "ID_EX_rt", 4 0;
v0x7d147c320_0 .var "IF_ID_inst", 31 0;
v0x7d147c3c0_0 .var "IF_ID_pc_plus_4", 31 0;
v0x7d147c460_0 .var "MEM_WB_ALUresult", 31 0;
v0x7d147c500_0 .var "MEM_WB_MemoryReadData", 31 0;
v0x7d147c5a0_0 .var "MEM_WB_MemtoReg", 0 0;
v0x7d147c640_0 .var "MEM_WB_RegDst", 0 0;
v0x7d147c6e0_0 .var "MEM_WB_RegWrite", 0 0;
v0x7d147c780_0 .var "MEM_WB_inst", 31 0;
v0x7d147c820_0 .var "MEM_WB_rd", 4 0;
v0x7d147c8c0_0 .var "MEM_WB_rt", 4 0;
v0x7d147c960_0 .net "MemRead", 0 0, v0x7d1478780_0;  1 drivers
v0x7d147ca00_0 .net "MemWrite", 0 0, v0x7d1478820_0;  1 drivers
v0x7d147caa0_0 .net "MemoryReadData", 31 0, L_0x7d143d7c0;  1 drivers
v0x7d147cb40_0 .net "MemtoReg", 0 0, v0x7d14788c0_0;  1 drivers
v0x7d147cbe0_0 .net "ReadData1", 31 0, L_0x7d143d180;  1 drivers
v0x7d147cc80_0 .net "ReadData2", 31 0, L_0x7d143d360;  1 drivers
v0x7d147cd20_0 .net "RegDst", 0 0, v0x7d1478960_0;  1 drivers
v0x7d147cdc0_0 .net "RegWrite", 0 0, v0x7d1478a00_0;  1 drivers
v0x7d147ce60_0 .net "WriteData", 31 0, L_0x7d143d860;  1 drivers
v0x7d147cf00_0 .net "WriteReg", 4 0, L_0x7d143d900;  1 drivers
L_0x7d1078058 .functor BUFT 1, C4<00000000000000000000000000000100>, C4<0>, C4<0>, C4<0>;
v0x7d147cfa0_0 .net/2u *"_ivl_0", 31 0, L_0x7d1078058;  1 drivers
v0x7d147d040_0 .net *"_ivl_18", 31 0, L_0x7d143d540;  1 drivers
v0x7d147d0e0_0 .net *"_ivl_20", 29 0, L_0x7d146d360;  1 drivers
L_0x7d1078328 .functor BUFT 1, C4<00>, C4<0>, C4<0>, C4<0>;
v0x7d147d180_0 .net *"_ivl_22", 1 0, L_0x7d1078328;  1 drivers
v0x7d147d220_0 .net "addr", 31 0, v0x7d1479900_0;  1 drivers
v0x7d147d2c0_0 .net "branch_taken", 0 0, L_0x1029bbe60;  1 drivers
v0x7d147d360_0 .net "branch_target", 31 0, L_0x7d0c58dc0;  1 drivers
v0x7d147d400_0 .net "clk", 0 0, v0x7d147dc20_0;  1 drivers
v0x7d147d4a0_0 .net "extended_imm", 31 0, L_0x7d143d400;  1 drivers
v0x7d147d540_0 .net "funct", 5 0, L_0x7d146d180;  1 drivers
v0x7d147d5e0_0 .net "imm", 15 0, L_0x7d146d220;  1 drivers
v0x7d147d680_0 .net "inst", 31 0, L_0x1029b8510;  1 drivers
v0x7d147d720_0 .net "next_addr", 31 0, L_0x7d143d5e0;  1 drivers
v0x7d147d7c0_0 .net "opcode", 5 0, L_0x7d146cf00;  1 drivers
v0x7d147d860_0 .net "pc_plus_4", 31 0, L_0x7d0c58b40;  1 drivers
v0x7d147d900_0 .net "rd", 4 0, L_0x7d146c500;  1 drivers
v0x7d147d9a0_0 .net "rs", 4 0, L_0x7d146cfa0;  1 drivers
v0x7d147da40_0 .net "rst_n", 0 0, v0x7d147dcc0_0;  1 drivers
v0x7d147dae0_0 .net "rt", 4 0, L_0x7d146d040;  1 drivers
v0x7d147db80_0 .net "zero", 0 0, L_0x7d0c58280;  1 drivers
L_0x7d0c58b40 .arith/sum 32, v0x7d1479900_0, L_0x7d1078058;
L_0x7d146cf00 .part v0x7d147c320_0, 26, 6;
L_0x7d146cfa0 .part v0x7d147c320_0, 21, 5;
L_0x7d146d040 .part v0x7d147c320_0, 16, 5;
L_0x7d146c500 .part v0x7d147c320_0, 11, 5;
L_0x7d146d180 .part v0x7d147c320_0, 0, 6;
L_0x7d146d220 .part v0x7d147c320_0, 0, 16;
L_0x7d143d4a0 .functor MUXZ 32, v0x7d147bd40_0, v0x7d147bf20_0, v0x7d147b980_0, C4<>;
L_0x7d146d360 .part v0x7d147bf20_0, 0, 30;
L_0x7d143d540 .concat [ 2 30 0 0], L_0x7d1078328, L_0x7d146d360;
L_0x7d0c58dc0 .arith/sum 32, v0x7d147c140_0, L_0x7d143d540;
L_0x7d143d5e0 .functor MUXZ 32, L_0x7d0c58b40, L_0x7d0c58dc0, L_0x1029bbe60, C4<>;
L_0x7d143d860 .functor MUXZ 32, v0x7d147c460_0, v0x7d147c500_0, v0x7d147c5a0_0, C4<>;
L_0x7d143d900 .functor MUXZ 5, v0x7d147c8c0_0, v0x7d147c820_0, v0x7d147c640_0, C4<>;
S_0x1029bc990 .scope module, "alu" "alu" 3 197, 4 1 0, S_0x1029bcf90;
 .timescale 0 0;
    .port_info 0 /INPUT 32 "a";
    .port_info 1 /INPUT 32 "b";
    .port_info 2 /INPUT 4 "ALUCtrl";
    .port_info 3 /OUTPUT 32 "result";
    .port_info 4 /OUTPUT 1 "zero";
v0x7d1478000_0 .net "ALUCtrl", 3 0, v0x7d14783c0_0;  alias, 1 drivers
L_0x7d10782e0 .functor BUFT 1, C4<00000000000000000000000000000000>, C4<0>, C4<0>, C4<0>;
v0x7d14780a0_0 .net/2u *"_ivl_0", 31 0, L_0x7d10782e0;  1 drivers
v0x7d1478140_0 .net "a", 31 0, v0x7d147bca0_0;  1 drivers
v0x7d14781e0_0 .net "b", 31 0, L_0x7d143d4a0;  alias, 1 drivers
v0x7d1478280_0 .var "result", 31 0;
v0x7d1478320_0 .net "zero", 0 0, L_0x7d0c58280;  alias, 1 drivers
E_0x7d0c05f40 .event anyedge, v0x7d1478000_0, v0x7d1478140_0, v0x7d14781e0_0;
L_0x7d0c58280 .cmp/eq 32, v0x7d1478280_0, L_0x7d10782e0;
S_0x1029bcb10 .scope module, "alu_control" "alu_control" 3 189, 5 1 0, S_0x1029bcf90;
 .timescale 0 0;
    .port_info 0 /INPUT 2 "ALUOp";
    .port_info 1 /INPUT 6 "funct";
    .port_info 2 /OUTPUT 4 "ALUCtrl";
P_0x1029c0a30 .param/l "add_r" 1 5 9, C4<100000>;
P_0x1029c0a70 .param/l "and_r" 1 5 11, C4<100100>;
P_0x1029c0ab0 .param/l "or_r" 1 5 12, C4<100101>;
P_0x1029c0af0 .param/l "sub_r" 1 5 10, C4<100010>;
v0x7d14783c0_0 .var "ALUCtrl", 3 0;
v0x7d1478460_0 .net "ALUOp", 1 0, v0x7d147b8e0_0;  1 drivers
v0x7d1478500_0 .net "funct", 5 0, v0x7d147c000_0;  1 drivers
E_0x7d0c05f80 .event anyedge, v0x7d1478460_0, v0x7d1478500_0;
S_0x1029bbb60 .scope module, "control" "control" 3 70, 6 1 0, S_0x1029bcf90;
 .timescale 0 0;
    .port_info 0 /INPUT 6 "opcode";
    .port_info 1 /OUTPUT 1 "RegDst";
    .port_info 2 /OUTPUT 1 "Branch";
    .port_info 3 /OUTPUT 1 "MemRead";
    .port_info 4 /OUTPUT 1 "MemtoReg";
    .port_info 5 /OUTPUT 1 "MemWrite";
    .port_info 6 /OUTPUT 1 "ALUSrc";
    .port_info 7 /OUTPUT 1 "RegWrite";
    .port_info 8 /OUTPUT 2 "ALUOp";
P_0x1029c3880 .param/l "RType" 1 6 9, C4<000000>;
P_0x1029c38c0 .param/l "beq" 1 6 12, C4<000100>;
P_0x1029c3900 .param/l "lw" 1 6 10, C4<100011>;
P_0x1029c3940 .param/l "sw" 1 6 11, C4<101011>;
v0x7d14785a0_0 .var "ALUOp", 1 0;
v0x7d1478640_0 .var "ALUSrc", 0 0;
v0x7d14786e0_0 .var "Branch", 0 0;
v0x7d1478780_0 .var "MemRead", 0 0;
v0x7d1478820_0 .var "MemWrite", 0 0;
v0x7d14788c0_0 .var "MemtoReg", 0 0;
v0x7d1478960_0 .var "RegDst", 0 0;
v0x7d1478a00_0 .var "RegWrite", 0 0;
v0x7d1478aa0_0 .net "opcode", 5 0, L_0x7d146cf00;  alias, 1 drivers
E_0x7d0c05fc0 .event anyedge, v0x7d1478aa0_0;
S_0x1029bbce0 .scope module, "data_mem" "data_mem" 3 273, 7 1 0, S_0x1029bcf90;
 .timescale 0 0;
    .port_info 0 /INPUT 1 "clk";
    .port_info 1 /INPUT 32 "addr";
    .port_info 2 /INPUT 32 "WriteData";
    .port_info 3 /INPUT 1 "MemWrite";
    .port_info 4 /INPUT 1 "MemRead";
    .port_info 5 /OUTPUT 32 "ReadData";
v0x7d1478b40_0 .net "MemRead", 0 0, v0x7d147b340_0;  1 drivers
v0x7d1478be0_0 .net "MemWrite", 0 0, v0x7d147b3e0_0;  1 drivers
v0x7d1478c80_0 .net "ReadData", 31 0, L_0x7d143d7c0;  alias, 1 drivers
v0x7d1478d20_0 .net "WriteData", 31 0, v0x7d147b520_0;  1 drivers
v0x7d1478dc0_0 .net *"_ivl_0", 31 0, L_0x7d147df40;  1 drivers
v0x7d1478e60_0 .net *"_ivl_10", 6 0, L_0x7d143d720;  1 drivers
L_0x7d10783b8 .functor BUFT 1, C4<0>, C4<0>, C4<0>, C4<0>;
v0x7d1478f00_0 .net *"_ivl_13", 0 0, L_0x7d10783b8;  1 drivers
L_0x7d1078400 .functor BUFT 1, C4<00000000000000000000000000000000>, C4<0>, C4<0>, C4<0>;
v0x7d1478fa0_0 .net/2u *"_ivl_14", 31 0, L_0x7d1078400;  1 drivers
v0x7d1479040_0 .net *"_ivl_3", 5 0, L_0x7d146d400;  1 drivers
v0x7d14790e0_0 .net *"_ivl_4", 5 0, L_0x7d143d680;  1 drivers
v0x7d1479180_0 .net *"_ivl_6", 3 0, L_0x7d146d4a0;  1 drivers
L_0x7d1078370 .functor BUFT 1, C4<00>, C4<0>, C4<0>, C4<0>;
v0x7d1479220_0 .net *"_ivl_8", 1 0, L_0x7d1078370;  1 drivers
v0x7d14792c0_0 .net "addr", 31 0, v0x7d147b2a0_0;  1 drivers
v0x7d1479360_0 .net "clk", 0 0, v0x7d147dc20_0;  alias, 1 drivers
v0x7d1479400 .array "memory", 31 0, 31 0;
E_0x7d0c06000 .event posedge, v0x7d1479360_0;
L_0x7d147df40 .array/port v0x7d1479400, L_0x7d143d720;
L_0x7d146d400 .part v0x7d147b2a0_0, 0, 6;
L_0x7d146d4a0 .part L_0x7d146d400, 2, 4;
L_0x7d143d680 .concat [ 4 2 0 0], L_0x7d146d4a0, L_0x7d1078370;
L_0x7d143d720 .concat [ 6 1 0 0], L_0x7d143d680, L_0x7d10783b8;
L_0x7d143d7c0 .functor MUXZ 32, L_0x7d1078400, L_0x7d147df40, v0x7d147b340_0, C4<>;
S_0x1029b89e0 .scope module, "inst_mem" "inst_mem" 3 24, 8 1 0, S_0x1029bcf90;
 .timescale 0 0;
    .port_info 0 /INPUT 32 "addr";
    .port_info 1 /OUTPUT 32 "inst";
L_0x1029b8510 .functor BUFZ 32, L_0x7d147dd60, C4<00000000000000000000000000000000>, C4<00000000000000000000000000000000>, C4<00000000000000000000000000000000>;
v0x7d14794a0_0 .net *"_ivl_0", 31 0, L_0x7d147dd60;  1 drivers
v0x7d1479540_0 .net *"_ivl_2", 31 0, L_0x7d143cfa0;  1 drivers
v0x7d14795e0_0 .net *"_ivl_4", 29 0, L_0x7d146ce60;  1 drivers
L_0x7d1078010 .functor BUFT 1, C4<00>, C4<0>, C4<0>, C4<0>;
v0x7d1479680_0 .net *"_ivl_6", 1 0, L_0x7d1078010;  1 drivers
v0x7d1479720_0 .net "addr", 31 0, v0x7d1479900_0;  alias, 1 drivers
v0x7d14797c0_0 .net "inst", 31 0, L_0x1029b8510;  alias, 1 drivers
v0x7d1479860 .array "memory", 31 0, 31 0;
L_0x7d147dd60 .array/port v0x7d1479860, L_0x7d143cfa0;
L_0x7d146ce60 .part v0x7d1479900_0, 2, 30;
L_0x7d143cfa0 .concat [ 30 2 0 0], L_0x7d146ce60, L_0x7d1078010;
S_0x1029b8b60 .scope module, "pc" "pc" 3 17, 9 1 0, S_0x1029bcf90;
 .timescale 0 0;
    .port_info 0 /INPUT 32 "next_addr";
    .port_info 1 /INPUT 1 "clk";
    .port_info 2 /INPUT 1 "rst_n";
    .port_info 3 /OUTPUT 32 "addr";
v0x7d1479900_0 .var "addr", 31 0;
v0x7d14799a0_0 .net "clk", 0 0, v0x7d147dc20_0;  alias, 1 drivers
v0x7d1479a40_0 .net "next_addr", 31 0, L_0x7d143d5e0;  alias, 1 drivers
v0x7d1479ae0_0 .net "rst_n", 0 0, v0x7d147dcc0_0;  alias, 1 drivers
E_0x7d0c06040/0 .event negedge, v0x7d1479ae0_0;
E_0x7d0c06040/1 .event posedge, v0x7d1479360_0;
E_0x7d0c06040 .event/or E_0x7d0c06040/0, E_0x7d0c06040/1;
S_0x1029b8210 .scope module, "reg_file" "reg_file" 3 89, 10 1 0, S_0x1029bcf90;
 .timescale 0 0;
    .port_info 0 /INPUT 1 "clk";
    .port_info 1 /INPUT 1 "rst_n";
    .port_info 2 /INPUT 5 "ReadReg1";
    .port_info 3 /INPUT 5 "ReadReg2";
    .port_info 4 /INPUT 5 "WriteReg";
    .port_info 5 /INPUT 1 "RegWrite";
    .port_info 6 /INPUT 32 "WriteData";
    .port_info 7 /OUTPUT 32 "ReadData1";
    .port_info 8 /OUTPUT 32 "ReadData2";
v0x7d1479b80_0 .net "ReadData1", 31 0, L_0x7d143d180;  alias, 1 drivers
v0x7d1479c20_0 .net "ReadData2", 31 0, L_0x7d143d360;  alias, 1 drivers
v0x7d1479cc0_0 .net "ReadReg1", 4 0, L_0x7d146cfa0;  alias, 1 drivers
v0x7d1479d60_0 .net "ReadReg2", 4 0, L_0x7d146d040;  alias, 1 drivers
v0x7d1479e00_0 .net "RegWrite", 0 0, v0x7d147c6e0_0;  1 drivers
v0x7d1479ea0_0 .net "WriteData", 31 0, L_0x7d143d860;  alias, 1 drivers
v0x7d1479f40_0 .net "WriteReg", 4 0, L_0x7d143d900;  alias, 1 drivers
v0x7d1479fe0_0 .net *"_ivl_0", 31 0, L_0x7d143d040;  1 drivers
v0x7d147a080_0 .net *"_ivl_10", 31 0, L_0x7d147de00;  1 drivers
v0x7d147a120_0 .net *"_ivl_12", 6 0, L_0x7d143d0e0;  1 drivers
L_0x7d1078178 .functor BUFT 1, C4<00>, C4<0>, C4<0>, C4<0>;
v0x7d147a1c0_0 .net *"_ivl_15", 1 0, L_0x7d1078178;  1 drivers
v0x7d147a260_0 .net *"_ivl_18", 31 0, L_0x7d143d220;  1 drivers
L_0x7d10781c0 .functor BUFT 1, C4<000000000000000000000000000>, C4<0>, C4<0>, C4<0>;
v0x7d147a300_0 .net *"_ivl_21", 26 0, L_0x7d10781c0;  1 drivers
L_0x7d1078208 .functor BUFT 1, C4<00000000000000000000000000000000>, C4<0>, C4<0>, C4<0>;
v0x7d147a3a0_0 .net/2u *"_ivl_22", 31 0, L_0x7d1078208;  1 drivers
v0x7d147a440_0 .net *"_ivl_24", 0 0, L_0x7d0c58c80;  1 drivers
L_0x7d1078250 .functor BUFT 1, C4<00000000000000000000000000000000>, C4<0>, C4<0>, C4<0>;
v0x7d147a4e0_0 .net/2u *"_ivl_26", 31 0, L_0x7d1078250;  1 drivers
v0x7d147a580_0 .net *"_ivl_28", 31 0, L_0x7d147dea0;  1 drivers
L_0x7d10780a0 .functor BUFT 1, C4<000000000000000000000000000>, C4<0>, C4<0>, C4<0>;
v0x7d147a620_0 .net *"_ivl_3", 26 0, L_0x7d10780a0;  1 drivers
v0x7d147a6c0_0 .net *"_ivl_30", 6 0, L_0x7d143d2c0;  1 drivers
L_0x7d1078298 .functor BUFT 1, C4<00>, C4<0>, C4<0>, C4<0>;
v0x7d147a760_0 .net *"_ivl_33", 1 0, L_0x7d1078298;  1 drivers
L_0x7d10780e8 .functor BUFT 1, C4<00000000000000000000000000000000>, C4<0>, C4<0>, C4<0>;
v0x7d147a800_0 .net/2u *"_ivl_4", 31 0, L_0x7d10780e8;  1 drivers
v0x7d147a8a0_0 .net *"_ivl_6", 0 0, L_0x7d0c58be0;  1 drivers
L_0x7d1078130 .functor BUFT 1, C4<00000000000000000000000000000000>, C4<0>, C4<0>, C4<0>;
v0x7d147a940_0 .net/2u *"_ivl_8", 31 0, L_0x7d1078130;  1 drivers
v0x7d147a9e0_0 .net "clk", 0 0, v0x7d147dc20_0;  alias, 1 drivers
v0x7d147aa80_0 .var/i "i", 31 0;
v0x7d147ab20 .array "registers", 31 0, 31 0;
v0x7d147abc0_0 .net "rst_n", 0 0, v0x7d147dcc0_0;  alias, 1 drivers
L_0x7d143d040 .concat [ 5 27 0 0], L_0x7d146cfa0, L_0x7d10780a0;
L_0x7d0c58be0 .cmp/eq 32, L_0x7d143d040, L_0x7d10780e8;
L_0x7d147de00 .array/port v0x7d147ab20, L_0x7d143d0e0;
L_0x7d143d0e0 .concat [ 5 2 0 0], L_0x7d146cfa0, L_0x7d1078178;
L_0x7d143d180 .functor MUXZ 32, L_0x7d147de00, L_0x7d1078130, L_0x7d0c58be0, C4<>;
L_0x7d143d220 .concat [ 5 27 0 0], L_0x7d146d040, L_0x7d10781c0;
L_0x7d0c58c80 .cmp/eq 32, L_0x7d143d220, L_0x7d1078208;
L_0x7d147dea0 .array/port v0x7d147ab20, L_0x7d143d2c0;
L_0x7d143d2c0 .concat [ 5 2 0 0], L_0x7d146d040, L_0x7d1078298;
L_0x7d143d360 .functor MUXZ 32, L_0x7d147dea0, L_0x7d1078250, L_0x7d0c58c80, C4<>;
S_0x1029b8390 .scope module, "sign_extend" "sign_extend" 3 103, 11 1 0, S_0x1029bcf90;
 .timescale 0 0;
    .port_info 0 /INPUT 16 "imm";
    .port_info 1 /OUTPUT 32 "extended_imm";
v0x7d147ac60_0 .net *"_ivl_1", 0 0, L_0x7d146d2c0;  1 drivers
v0x7d147ad00_0 .net *"_ivl_3", 15 0, L_0x7d0c58d20;  1 drivers
v0x7d147ada0_0 .net "extended_imm", 31 0, L_0x7d143d400;  alias, 1 drivers
v0x7d147ae40_0 .net "imm", 15 0, L_0x7d146d220;  alias, 1 drivers
L_0x7d146d2c0 .part L_0x7d146d220, 15, 1;
L_0x7d0c58d20 .repeat 16, 16, L_0x7d146d2c0;
L_0x7d143d400 .concat [ 16 16 0 0], L_0x7d146d220, L_0x7d0c58d20;
    .scope S_0x1029b8b60;
T_0 ;
    %wait E_0x7d0c06040;
    %load/vec4 v0x7d1479ae0_0;
    %nor/r;
    %flag_set/vec4 8;
    %jmp/0xz  T_0.0, 8;
    %pushi/vec4 0, 0, 32;
    %assign/vec4 v0x7d1479900_0, 0;
    %jmp T_0.1;
T_0.0 ;
    %load/vec4 v0x7d1479a40_0;
    %assign/vec4 v0x7d1479900_0, 0;
T_0.1 ;
    %jmp T_0;
    .thread T_0;
    .scope S_0x1029b89e0;
T_1 ;
    %end;
    .thread T_1;
    .scope S_0x1029bbb60;
T_2 ;
    %wait E_0x7d0c05fc0;
    %pushi/vec4 0, 0, 2;
    %store/vec4 v0x7d14785a0_0, 0, 2;
    %pushi/vec4 0, 0, 1;
    %store/vec4 v0x7d1478960_0, 0, 1;
    %pushi/vec4 0, 0, 1;
    %store/vec4 v0x7d14786e0_0, 0, 1;
    %pushi/vec4 0, 0, 1;
    %store/vec4 v0x7d1478780_0, 0, 1;
    %pushi/vec4 0, 0, 1;
    %store/vec4 v0x7d14788c0_0, 0, 1;
    %pushi/vec4 0, 0, 1;
    %store/vec4 v0x7d1478820_0, 0, 1;
    %pushi/vec4 0, 0, 1;
    %store/vec4 v0x7d1478640_0, 0, 1;
    %pushi/vec4 0, 0, 1;
    %store/vec4 v0x7d1478a00_0, 0, 1;
    %load/vec4 v0x7d1478aa0_0;
    %dup/vec4;
    %pushi/vec4 0, 0, 6;
    %cmp/u;
    %jmp/1 T_2.0, 6;
    %dup/vec4;
    %pushi/vec4 35, 0, 6;
    %cmp/u;
    %jmp/1 T_2.1, 6;
    %dup/vec4;
    %pushi/vec4 43, 0, 6;
    %cmp/u;
    %jmp/1 T_2.2, 6;
    %dup/vec4;
    %pushi/vec4 4, 0, 6;
    %cmp/u;
    %jmp/1 T_2.3, 6;
    %jmp T_2.4;
T_2.0 ;
    %pushi/vec4 2, 0, 2;
    %store/vec4 v0x7d14785a0_0, 0, 2;
    %pushi/vec4 1, 0, 1;
    %store/vec4 v0x7d1478960_0, 0, 1;
    %pushi/vec4 1, 0, 1;
    %store/vec4 v0x7d1478a00_0, 0, 1;
    %jmp T_2.4;
T_2.1 ;
    %pushi/vec4 0, 0, 2;
    %store/vec4 v0x7d14785a0_0, 0, 2;
    %pushi/vec4 1, 0, 1;
    %store/vec4 v0x7d1478780_0, 0, 1;
    %pushi/vec4 1, 0, 1;
    %store/vec4 v0x7d1478640_0, 0, 1;
    %pushi/vec4 1, 0, 1;
    %store/vec4 v0x7d14788c0_0, 0, 1;
    %pushi/vec4 1, 0, 1;
    %store/vec4 v0x7d1478a00_0, 0, 1;
    %jmp T_2.4;
T_2.2 ;
    %pushi/vec4 0, 0, 2;
    %store/vec4 v0x7d14785a0_0, 0, 2;
    %pushi/vec4 1, 0, 1;
    %store/vec4 v0x7d1478820_0, 0, 1;
    %pushi/vec4 1, 0, 1;
    %store/vec4 v0x7d1478640_0, 0, 1;
    %jmp T_2.4;
T_2.3 ;
    %pushi/vec4 1, 0, 2;
    %store/vec4 v0x7d14785a0_0, 0, 2;
    %pushi/vec4 1, 0, 1;
    %store/vec4 v0x7d14786e0_0, 0, 1;
    %jmp T_2.4;
T_2.4 ;
    %pop/vec4 1;
    %jmp T_2;
    .thread T_2, $push;
    .scope S_0x1029b8210;
T_3 ;
    %wait E_0x7d0c06040;
    %load/vec4 v0x7d147abc0_0;
    %nor/r;
    %flag_set/vec4 8;
    %jmp/0xz  T_3.0, 8;
    %pushi/vec4 0, 0, 32;
    %store/vec4 v0x7d147aa80_0, 0, 32;
T_3.2 ; Top of for-loop
    %load/vec4 v0x7d147aa80_0;
    %cmpi/s 32, 0, 32;
	  %jmp/0xz T_3.3, 5;
    %pushi/vec4 0, 0, 32;
    %ix/getv/s 3, v0x7d147aa80_0;
    %ix/load 4, 0, 0; Constant delay
    %assign/vec4/a/d v0x7d147ab20, 0, 4;
T_3.4 ; for-loop step statement
    %load/vec4 v0x7d147aa80_0;
    %addi 1, 0, 32;
    %store/vec4 v0x7d147aa80_0, 0, 32;
    %jmp T_3.2;
T_3.3 ; for-loop exit label
    %jmp T_3.1;
T_3.0 ;
    %load/vec4 v0x7d1479e00_0;
    %flag_set/vec4 9;
    %flag_get/vec4 9;
    %jmp/0 T_3.7, 9;
    %load/vec4 v0x7d1479f40_0;
    %pushi/vec4 0, 0, 5;
    %cmp/ne;
    %flag_get/vec4 4;
    %and;
T_3.7;
    %flag_set/vec4 8;
    %jmp/0xz  T_3.5, 8;
    %load/vec4 v0x7d1479ea0_0;
    %load/vec4 v0x7d1479f40_0;
    %pad/u 7;
    %ix/vec4 3;
    %ix/load 4, 0, 0; Constant delay
    %assign/vec4/a/d v0x7d147ab20, 0, 4;
T_3.5 ;
T_3.1 ;
    %jmp T_3;
    .thread T_3;
    .scope S_0x1029bcb10;
T_4 ;
    %wait E_0x7d0c05f80;
    %load/vec4 v0x7d1478460_0;
    %dup/vec4;
    %pushi/vec4 2, 0, 2;
    %cmp/u;
    %jmp/1 T_4.0, 6;
    %dup/vec4;
    %pushi/vec4 0, 0, 2;
    %cmp/u;
    %jmp/1 T_4.1, 6;
    %dup/vec4;
    %pushi/vec4 1, 0, 2;
    %cmp/u;
    %jmp/1 T_4.2, 6;
    %pushi/vec4 0, 0, 4;
    %store/vec4 v0x7d14783c0_0, 0, 4;
    %jmp T_4.4;
T_4.0 ;
    %load/vec4 v0x7d1478500_0;
    %dup/vec4;
    %pushi/vec4 32, 0, 6;
    %cmp/u;
    %jmp/1 T_4.5, 6;
    %dup/vec4;
    %pushi/vec4 34, 0, 6;
    %cmp/u;
    %jmp/1 T_4.6, 6;
    %dup/vec4;
    %pushi/vec4 36, 0, 6;
    %cmp/u;
    %jmp/1 T_4.7, 6;
    %dup/vec4;
    %pushi/vec4 37, 0, 6;
    %cmp/u;
    %jmp/1 T_4.8, 6;
    %jmp T_4.9;
T_4.5 ;
    %pushi/vec4 2, 0, 4;
    %store/vec4 v0x7d14783c0_0, 0, 4;
    %jmp T_4.9;
T_4.6 ;
    %pushi/vec4 6, 0, 4;
    %store/vec4 v0x7d14783c0_0, 0, 4;
    %jmp T_4.9;
T_4.7 ;
    %pushi/vec4 0, 0, 4;
    %store/vec4 v0x7d14783c0_0, 0, 4;
    %jmp T_4.9;
T_4.8 ;
    %pushi/vec4 1, 0, 4;
    %store/vec4 v0x7d14783c0_0, 0, 4;
    %jmp T_4.9;
T_4.9 ;
    %pop/vec4 1;
    %jmp T_4.4;
T_4.1 ;
    %pushi/vec4 2, 0, 4;
    %store/vec4 v0x7d14783c0_0, 0, 4;
    %jmp T_4.4;
T_4.2 ;
    %pushi/vec4 6, 0, 4;
    %store/vec4 v0x7d14783c0_0, 0, 4;
    %jmp T_4.4;
T_4.4 ;
    %pop/vec4 1;
    %jmp T_4;
    .thread T_4, $push;
    .scope S_0x1029bc990;
T_5 ;
    %wait E_0x7d0c05f40;
    %load/vec4 v0x7d1478000_0;
    %dup/vec4;
    %pushi/vec4 0, 0, 4;
    %cmp/u;
    %jmp/1 T_5.0, 6;
    %dup/vec4;
    %pushi/vec4 1, 0, 4;
    %cmp/u;
    %jmp/1 T_5.1, 6;
    %dup/vec4;
    %pushi/vec4 2, 0, 4;
    %cmp/u;
    %jmp/1 T_5.2, 6;
    %dup/vec4;
    %pushi/vec4 6, 0, 4;
    %cmp/u;
    %jmp/1 T_5.3, 6;
    %pushi/vec4 0, 0, 32;
    %store/vec4 v0x7d1478280_0, 0, 32;
    %jmp T_5.5;
T_5.0 ;
    %load/vec4 v0x7d1478140_0;
    %load/vec4 v0x7d14781e0_0;
    %and;
    %store/vec4 v0x7d1478280_0, 0, 32;
    %jmp T_5.5;
T_5.1 ;
    %load/vec4 v0x7d1478140_0;
    %load/vec4 v0x7d14781e0_0;
    %or;
    %store/vec4 v0x7d1478280_0, 0, 32;
    %jmp T_5.5;
T_5.2 ;
    %load/vec4 v0x7d1478140_0;
    %load/vec4 v0x7d14781e0_0;
    %add;
    %store/vec4 v0x7d1478280_0, 0, 32;
    %jmp T_5.5;
T_5.3 ;
    %load/vec4 v0x7d1478140_0;
    %load/vec4 v0x7d14781e0_0;
    %sub;
    %store/vec4 v0x7d1478280_0, 0, 32;
    %jmp T_5.5;
T_5.5 ;
    %pop/vec4 1;
    %jmp T_5;
    .thread T_5, $push;
    .scope S_0x1029bbce0;
T_6 ;
    %wait E_0x7d0c06000;
    %load/vec4 v0x7d1478be0_0;
    %flag_set/vec4 8;
    %jmp/0xz  T_6.0, 8;
    %load/vec4 v0x7d1478d20_0;
    %load/vec4 v0x7d14792c0_0;
    %parti/s 6, 0, 2;
    %ix/load 4, 2, 0;
    %flag_set/imm 4, 0;
    %shiftr 4;
    %pad/u 7;
    %ix/vec4 3;
    %ix/load 4, 0, 0; Constant delay
    %assign/vec4/a/d v0x7d1479400, 0, 4;
T_6.0 ;
    %jmp T_6;
    .thread T_6;
    .scope S_0x1029bcf90;
T_7 ;
    %wait E_0x7d0c06040;
    %load/vec4 v0x7d147da40_0;
    %nor/r;
    %flag_set/vec4 8;
    %jmp/0xz  T_7.0, 8;
    %pushi/vec4 0, 0, 32;
    %assign/vec4 v0x7d147c320_0, 0;
    %pushi/vec4 0, 0, 32;
    %assign/vec4 v0x7d147c3c0_0, 0;
    %jmp T_7.1;
T_7.0 ;
    %load/vec4 v0x7d147d680_0;
    %assign/vec4 v0x7d147c320_0, 0;
    %load/vec4 v0x7d147d860_0;
    %assign/vec4 v0x7d147c3c0_0, 0;
T_7.1 ;
    %jmp T_7;
    .thread T_7;
    .scope S_0x1029bcf90;
T_8 ;
    %wait E_0x7d0c06040;
    %load/vec4 v0x7d147da40_0;
    %nor/r;
    %flag_set/vec4 8;
    %jmp/0xz  T_8.0, 8;
    %pushi/vec4 0, 0, 32;
    %assign/vec4 v0x7d147c140_0, 0;
    %pushi/vec4 0, 0, 5;
    %assign/vec4 v0x7d147c280_0, 0;
    %pushi/vec4 0, 0, 5;
    %assign/vec4 v0x7d147c1e0_0, 0;
    %pushi/vec4 0, 0, 6;
    %assign/vec4 v0x7d147c000_0, 0;
    %pushi/vec4 0, 0, 32;
    %assign/vec4 v0x7d147bf20_0, 0;
    %pushi/vec4 0, 0, 1;
    %assign/vec4 v0x7d147bde0_0, 0;
    %pushi/vec4 0, 0, 1;
    %assign/vec4 v0x7d147b980_0, 0;
    %pushi/vec4 0, 0, 1;
    %assign/vec4 v0x7d147bc00_0, 0;
    %pushi/vec4 0, 0, 1;
    %assign/vec4 v0x7d147be80_0, 0;
    %pushi/vec4 0, 0, 1;
    %assign/vec4 v0x7d147bac0_0, 0;
    %pushi/vec4 0, 0, 1;
    %assign/vec4 v0x7d147bb60_0, 0;
    %pushi/vec4 0, 0, 1;
    %assign/vec4 v0x7d147ba20_0, 0;
    %pushi/vec4 0, 0, 2;
    %assign/vec4 v0x7d147b8e0_0, 0;
    %pushi/vec4 0, 0, 32;
    %assign/vec4 v0x7d147bca0_0, 0;
    %pushi/vec4 0, 0, 32;
    %assign/vec4 v0x7d147bd40_0, 0;
    %pushi/vec4 0, 0, 32;
    %assign/vec4 v0x7d147c0a0_0, 0;
    %jmp T_8.1;
T_8.0 ;
    %load/vec4 v0x7d147c3c0_0;
    %assign/vec4 v0x7d147c140_0, 0;
    %load/vec4 v0x7d147dae0_0;
    %assign/vec4 v0x7d147c280_0, 0;
    %load/vec4 v0x7d147d900_0;
    %assign/vec4 v0x7d147c1e0_0, 0;
    %load/vec4 v0x7d147d540_0;
    %assign/vec4 v0x7d147c000_0, 0;
    %load/vec4 v0x7d147d4a0_0;
    %assign/vec4 v0x7d147bf20_0, 0;
    %load/vec4 v0x7d147cd20_0;
    %assign/vec4 v0x7d147bde0_0, 0;
    %load/vec4 v0x7d147b020_0;
    %assign/vec4 v0x7d147b980_0, 0;
    %load/vec4 v0x7d147cb40_0;
    %assign/vec4 v0x7d147bc00_0, 0;
    %load/vec4 v0x7d147cdc0_0;
    %assign/vec4 v0x7d147be80_0, 0;
    %load/vec4 v0x7d147c960_0;
    %assign/vec4 v0x7d147bac0_0, 0;
    %load/vec4 v0x7d147ca00_0;
    %assign/vec4 v0x7d147bb60_0, 0;
    %load/vec4 v0x7d147b200_0;
    %assign/vec4 v0x7d147ba20_0, 0;
    %load/vec4 v0x7d147af80_0;
    %assign/vec4 v0x7d147b8e0_0, 0;
    %load/vec4 v0x7d147cbe0_0;
    %assign/vec4 v0x7d147bca0_0, 0;
    %load/vec4 v0x7d147cc80_0;
    %assign/vec4 v0x7d147bd40_0, 0;
    %load/vec4 v0x7d147c320_0;
    %assign/vec4 v0x7d147c0a0_0, 0;
T_8.1 ;
    %jmp T_8;
    .thread T_8;
    .scope S_0x1029bcf90;
T_9 ;
    %wait E_0x7d0c06040;
    %load/vec4 v0x7d147da40_0;
    %nor/r;
    %flag_set/vec4 8;
    %jmp/0xz  T_9.0, 8;
    %pushi/vec4 0, 0, 32;
    %assign/vec4 v0x7d147b2a0_0, 0;
    %pushi/vec4 0, 0, 5;
    %assign/vec4 v0x7d147b840_0, 0;
    %pushi/vec4 0, 0, 5;
    %assign/vec4 v0x7d147b7a0_0, 0;
    %pushi/vec4 0, 0, 1;
    %assign/vec4 v0x7d147b5c0_0, 0;
    %pushi/vec4 0, 0, 1;
    %assign/vec4 v0x7d147b480_0, 0;
    %pushi/vec4 0, 0, 1;
    %assign/vec4 v0x7d147b340_0, 0;
    %pushi/vec4 0, 0, 1;
    %assign/vec4 v0x7d147b3e0_0, 0;
    %pushi/vec4 0, 0, 1;
    %assign/vec4 v0x7d147b660_0, 0;
    %pushi/vec4 0, 0, 32;
    %assign/vec4 v0x7d147b520_0, 0;
    %pushi/vec4 0, 0, 32;
    %assign/vec4 v0x7d147b700_0, 0;
    %jmp T_9.1;
T_9.0 ;
    %load/vec4 v0x7d147b0c0_0;
    %assign/vec4 v0x7d147b2a0_0, 0;
    %load/vec4 v0x7d147c280_0;
    %assign/vec4 v0x7d147b840_0, 0;
    %load/vec4 v0x7d147c1e0_0;
    %assign/vec4 v0x7d147b7a0_0, 0;
    %load/vec4 v0x7d147bde0_0;
    %assign/vec4 v0x7d147b5c0_0, 0;
    %load/vec4 v0x7d147bc00_0;
    %assign/vec4 v0x7d147b480_0, 0;
    %load/vec4 v0x7d147bac0_0;
    %assign/vec4 v0x7d147b340_0, 0;
    %load/vec4 v0x7d147bb60_0;
    %assign/vec4 v0x7d147b3e0_0, 0;
    %load/vec4 v0x7d147be80_0;
    %assign/vec4 v0x7d147b660_0, 0;
    %load/vec4 v0x7d147bd40_0;
    %assign/vec4 v0x7d147b520_0, 0;
    %load/vec4 v0x7d147c0a0_0;
    %assign/vec4 v0x7d147b700_0, 0;
T_9.1 ;
    %jmp T_9;
    .thread T_9;
    .scope S_0x1029bcf90;
T_10 ;
    %wait E_0x7d0c06040;
    %load/vec4 v0x7d147da40_0;
    %nor/r;
    %flag_set/vec4 8;
    %jmp/0xz  T_10.0, 8;
    %pushi/vec4 0, 0, 32;
    %assign/vec4 v0x7d147c500_0, 0;
    %pushi/vec4 0, 0, 32;
    %assign/vec4 v0x7d147c460_0, 0;
    %pushi/vec4 0, 0, 1;
    %assign/vec4 v0x7d147c640_0, 0;
    %pushi/vec4 0, 0, 1;
    %assign/vec4 v0x7d147c5a0_0, 0;
    %pushi/vec4 0, 0, 1;
    %assign/vec4 v0x7d147c6e0_0, 0;
    %pushi/vec4 0, 0, 5;
    %assign/vec4 v0x7d147c8c0_0, 0;
    %pushi/vec4 0, 0, 5;
    %assign/vec4 v0x7d147c820_0, 0;
    %pushi/vec4 0, 0, 32;
    %assign/vec4 v0x7d147c780_0, 0;
    %jmp T_10.1;
T_10.0 ;
    %load/vec4 v0x7d147caa0_0;
    %assign/vec4 v0x7d147c500_0, 0;
    %load/vec4 v0x7d147b2a0_0;
    %assign/vec4 v0x7d147c460_0, 0;
    %load/vec4 v0x7d147b5c0_0;
    %assign/vec4 v0x7d147c640_0, 0;
    %load/vec4 v0x7d147b480_0;
    %assign/vec4 v0x7d147c5a0_0, 0;
    %load/vec4 v0x7d147b660_0;
    %assign/vec4 v0x7d147c6e0_0, 0;
    %load/vec4 v0x7d147b840_0;
    %assign/vec4 v0x7d147c8c0_0, 0;
    %load/vec4 v0x7d147b7a0_0;
    %assign/vec4 v0x7d147c820_0, 0;
    %load/vec4 v0x7d147b700_0;
    %assign/vec4 v0x7d147c780_0, 0;
T_10.1 ;
    %jmp T_10;
    .thread T_10;
    .scope S_0x1029bce10;
T_11 ;
    %delay 5000, 0;
    %load/vec4 v0x7d147dc20_0;
    %inv;
    %store/vec4 v0x7d147dc20_0, 0, 1;
    %jmp T_11;
    .thread T_11;
    .scope S_0x1029bce10;
T_12 ;
    %vpi_call 2 17 "$dumpfile", "waveform/tb_mips_pipeline.vcd" {0 0 0};
    %vpi_call 2 18 "$dumpvars", 32'sb00000000000000000000000000000000, S_0x1029bce10 {0 0 0};
    %vpi_call 2 19 "$display", "\012=== MIPS PIPELINED ===\012" {0 0 0};
    %pushi/vec4 0, 0, 1;
    %store/vec4 v0x7d147dc20_0, 0, 1;
    %pushi/vec4 0, 0, 1;
    %store/vec4 v0x7d147dcc0_0, 0, 1;
    %pushi/vec4 2349334528, 0, 32;
    %ix/load 4, 0, 0;
    %flag_set/imm 4, 0;
    %store/vec4a v0x7d1479860, 4, 0;
    %pushi/vec4 2349400068, 0, 32;
    %ix/load 4, 1, 0;
    %flag_set/imm 4, 0;
    %store/vec4a v0x7d1479860, 4, 0;
    %pushi/vec4 17387552, 0, 32;
    %ix/load 4, 2, 0;
    %flag_set/imm 4, 0;
    %store/vec4a v0x7d1479860, 4, 0;
    %pushi/vec4 21583906, 0, 32;
    %ix/load 4, 3, 0;
    %flag_set/imm 4, 0;
    %store/vec4a v0x7d1479860, 4, 0;
    %pushi/vec4 17391652, 0, 32;
    %ix/load 4, 4, 0;
    %flag_set/imm 4, 0;
    %store/vec4a v0x7d1479860, 4, 0;
    %pushi/vec4 17393701, 0, 32;
    %ix/load 4, 5, 0;
    %flag_set/imm 4, 0;
    %store/vec4a v0x7d1479860, 4, 0;
    %pushi/vec4 2886336520, 0, 32;
    %ix/load 4, 6, 0;
    %flag_set/imm 4, 0;
    %store/vec4a v0x7d1479860, 4, 0;
    %pushi/vec4 2349727752, 0, 32;
    %ix/load 4, 7, 0;
    %flag_set/imm 4, 0;
    %store/vec4a v0x7d1479860, 4, 0;
    %pushi/vec4 290324481, 0, 32;
    %ix/load 4, 8, 0;
    %flag_set/imm 4, 0;
    %store/vec4a v0x7d1479860, 4, 0;
    %pushi/vec4 17332261, 0, 32;
    %ix/load 4, 9, 0;
    %flag_set/imm 4, 0;
    %store/vec4a v0x7d1479860, 4, 0;
    %pushi/vec4 268500991, 0, 32;
    %ix/load 4, 10, 0;
    %flag_set/imm 4, 0;
    %store/vec4a v0x7d1479860, 4, 0;
    %pushi/vec4 10, 0, 32;
    %ix/load 4, 0, 0;
    %flag_set/imm 4, 0;
    %store/vec4a v0x7d1479400, 4, 0;
    %pushi/vec4 6, 0, 32;
    %ix/load 4, 1, 0;
    %flag_set/imm 4, 0;
    %store/vec4a v0x7d1479400, 4, 0;
    %delay 12000, 0;
    %pushi/vec4 1, 0, 1;
    %store/vec4 v0x7d147dcc0_0, 0, 1;
    %delay 200000, 0;
    %vpi_call 2 73 "$display", "Register 8  = %d, expected to be 10", &A<v0x7d147ab20, 8> {0 0 0};
    %vpi_call 2 74 "$display", "Register 9  = %d, expected to be 6", &A<v0x7d147ab20, 9> {0 0 0};
    %vpi_call 2 75 "$display", "Register 10  = %d, expected to be 16", &A<v0x7d147ab20, 10> {0 0 0};
    %vpi_call 2 76 "$display", "Register 11  = %d, expected to be 10", &A<v0x7d147ab20, 11> {0 0 0};
    %vpi_call 2 77 "$display", "Register 12  = %d, expected to be 2", &A<v0x7d147ab20, 12> {0 0 0};
    %vpi_call 2 78 "$display", "Register 13  = %d, expected to be 14", &A<v0x7d147ab20, 13> {0 0 0};
    %vpi_call 2 79 "$display", "Register 14  = %d, expected to be 16", &A<v0x7d147ab20, 14> {0 0 0};
    %vpi_call 2 80 "$display", "Register 15  = %d, expected to be 0", &A<v0x7d147ab20, 15> {0 0 0};
    %vpi_call 2 86 "$display", "\012Memory[0] = %d", &A<v0x7d1479400, 0> {0 0 0};
    %vpi_call 2 87 "$display", "Memory[1] = %d", &A<v0x7d1479400, 1> {0 0 0};
    %vpi_call 2 88 "$display", "Memory[2] = %d", &A<v0x7d1479400, 2> {0 0 0};
    %vpi_call 2 91 "$finish" {0 0 0};
    %end;
    .thread T_12;
    .scope S_0x1029bce10;
T_13 ;
    %vpi_call 2 108 "$display", "\012%-7s %-5s %-12s %-12s %-12s %-12s", "time", "PC", "IF/ID", "ID/EX", "EX/MEM", "MEM/WB" {0 0 0};
T_13.0 ;
    %wait E_0x7d0c06000;
    %vpi_call 2 113 "$display", "%-7t %-5d %-12h %-12h %-12h %-12h", $time, v0x7d147d220_0, v0x7d147c320_0, v0x7d147c0a0_0, v0x7d147b700_0, v0x7d147c780_0 {0 0 0};
    %jmp T_13.0;
T_13.1 ;
    %end;
    .thread T_13;
# The file index is used to find the file name in the following table.
:file_names 12;
    "N/A";
    "<interactive>";
    "tb/tb_mips_pipeline.v";
    "rtl/mips_pipeline.v";
    "rtl/alu.v";
    "rtl/alu_control.v";
    "rtl/control.v";
    "rtl/data_mem.v";
    "rtl/inst_mem.v";
    "rtl/pc.v";
    "rtl/reg_file.v";
    "rtl/sign_extend.v";
